<?xml version="1.0" encoding="utf-8"?><testsuites><testsuite name="pytest" errors="0" failures="0" skipped="0" tests="0" time="125.735" timestamp="2024-09-15T03:22:07.285571+00:00" hostname="ip-172-31-27-115"><testcase time="0.001" /></testsuite></testsuites>